../Core/Src/main.c:147:6:HAL_ADC_ConvCpltCallback	16	static
../Core/Src/main.c:165:5:main	16	static
../Core/Src/main.c:279:6:SystemClock_Config	96	static
../Core/Src/main.c:401:13:MX_ADC1_Init	32	static
../Core/Src/main.c:517:13:MX_USART2_UART_Init	8	static
../Core/Src/main.c:587:13:MX_GPIO_Init	40	static
../Core/Src/main.c:639:6:fill_audio_buffer	16	static
../Core/Src/main.c:653:6:Inference	16	static
../Core/Src/main.c:707:5:__io_putchar	16	static
../Core/Src/main.c:727:6:Error_Handler	4	static,ignoring_inline_asm
